[2026-09-10T20:20:36Z] YouTube Mirror Resolver job resolve pid=19176
candidate vod=2861744268 youtube=SynOBrPYbV0 score=0.833 state=ambiguous
candidate vod=2861744268 youtube=vt1HbScE_jM score=0.805 state=ambiguous
candidate vod=2861744268 youtube=7GBn3uVeVb8 score=0.801 state=likely
candidate vod=2861744268 youtube=muxOFHGOpZs score=0.784 state=verified
candidate vod=2861744268 youtube=iEZOwN5xssU score=0.730 state=verified
candidate vod=2861744268 youtube=nH8X1jAyoeQ score=0.540 state=candidate
candidate vod=2861744268 youtube=CMrXO8qfoQw score=0.314 state=candidate
candidate vod=2861744268 youtube=Wjl1p9MmI-k score=0.269 state=candidate
candidate vod=2862622285 youtube=SynOBrPYbV0 score=0.762 state=ambiguous
candidate vod=2862622285 youtube=vt1HbScE_jM score=0.734 state=ambiguous
candidate vod=2862622285 youtube=7GBn3uVeVb8 score=0.730 state=likely
candidate vod=2862622285 youtube=muxOFHGOpZs score=0.714 state=likely
candidate vod=2862622285 youtube=iEZOwN5xssU score=0.679 state=candidate
candidate vod=2862622285 youtube=nH8X1jAyoeQ score=0.614 state=candidate
candidate vod=2862622285 youtube=nOj-aeb7haY score=0.398 state=candidate
candidate vod=2862622285 youtube=6yZE6Xr2BZ0 score=0.389 state=candidate
candidate vod=2863504919 youtube=Plcc-06LY-A score=0.618 state=candidate
candidate vod=2863504919 youtube=XR0-lJLW_rs score=0.615 state=verified
candidate vod=2863504919 youtube=QcJ0mjcA62k score=0.606 state=candidate
candidate vod=2863504919 youtube=_Q-dV2V2g5s score=0.604 state=candidate
candidate vod=2863504919 youtube=fSMIJVnlB_Y score=0.597 state=candidate
candidate vod=2863504919 youtube=1CuVhBjs3ns score=0.381 state=candidate
candidate vod=2863504919 youtube=1wACf-7QBE8 score=0.375 state=candidate
candidate vod=2863504919 youtube=CMrXO8qfoQw score=0.314 state=candidate
candidate vod=2864229186 youtube=TEHaNIT7eZs score=0.453 state=candidate
candidate vod=2864229186 youtube=favxANUu9O4 score=0.449 state=candidate
candidate vod=2864229186 youtube=OKO05-GPKyI score=0.448 state=verified
candidate vod=2864229186 youtube=XR0-lJLW_rs score=0.425 state=candidate
candidate vod=2864229186 youtube=Plcc-06LY-A score=0.424 state=candidate
candidate vod=2864229186 youtube=QcJ0mjcA62k score=0.412 state=candidate
candidate vod=2864229186 youtube=_Q-dV2V2g5s score=0.410 state=candidate
candidate vod=2864229186 youtube=fSMIJVnlB_Y score=0.404 state=verified
candidate vod=2865097583 youtube=Plcc-06LY-A score=0.611 state=verified
candidate vod=2865097583 youtube=XR0-lJLW_rs score=0.606 state=candidate
candidate vod=2865097583 youtube=TEHaNIT7eZs score=0.593 state=candidate
candidate vod=2865097583 youtube=QcJ0mjcA62k score=0.569 state=candidate
candidate vod=2865097583 youtube=_Q-dV2V2g5s score=0.560 state=candidate
candidate vod=2865097583 youtube=favxANUu9O4 score=0.551 state=verified
candidate vod=2865097583 youtube=OKO05-GPKyI score=0.546 state=candidate
candidate vod=2865097583 youtube=fSMIJVnlB_Y score=0.527 state=candidate
candidate vod=2868004694 youtube=Plcc-06LY-A score=0.753 state=candidate
candidate vod=2868004694 youtube=QcJ0mjcA62k score=0.742 state=verified
candidate vod=2868004694 youtube=_Q-dV2V2g5s score=0.740 state=candidate
candidate vod=2868004694 youtube=XR0-lJLW_rs score=0.723 state=likely
candidate vod=2868004694 youtube=TEHaNIT7eZs score=0.720 state=verified
candidate vod=2868004694 youtube=favxANUu9O4 score=0.717 state=candidate
candidate vod=2868004694 youtube=OKO05-GPKyI score=0.716 state=candidate
candidate vod=2868004694 youtube=fSMIJVnlB_Y score=0.695 state=candidate
candidate vod=2868864059 youtube=Plcc-06LY-A score=0.719 state=candidate
candidate vod=2868864059 youtube=QcJ0mjcA62k score=0.708 state=candidate
candidate vod=2868864059 youtube=_Q-dV2V2g5s score=0.706 state=candidate
candidate vod=2868864059 youtube=XR0-lJLW_rs score=0.697 state=candidate
candidate vod=2868864059 youtube=TEHaNIT7eZs score=0.690 state=candidate
candidate vod=2868864059 youtube=favxANUu9O4 score=0.687 state=candidate
candidate vod=2868864059 youtube=OKO05-GPKyI score=0.686 state=candidate
candidate vod=2868864059 youtube=fSMIJVnlB_Y score=0.659 state=candidate
candidate vod=2869682753 youtube=Plcc-06LY-A score=0.671 state=candidate
candidate vod=2869682753 youtube=QcJ0mjcA62k score=0.660 state=candidate
candidate vod=2869682753 youtube=_Q-dV2V2g5s score=0.658 state=candidate
candidate vod=2869682753 youtube=XR0-lJLW_rs score=0.658 state=candidate
candidate vod=2869682753 youtube=TEHaNIT7eZs score=0.647 state=candidate
candidate vod=2869682753 youtube=favxANUu9O4 score=0.644 state=candidate
candidate vod=2869682753 youtube=OKO05-GPKyI score=0.643 state=candidate
candidate vod=2869682753 youtube=fSMIJVnlB_Y score=0.607 state=candidate

ERROR: NumPy is required for global YouTube mirror assignment. Run `python -m pip install -e .` in the same Python environment that starts the dashboard, then restart it.
