[2026-09-11T01:20:15Z] YouTube Mirror Resolver job sizes pid=23424
storage metadata youtube: C:\Users\Admin\AppData\Local\Microsoft\WinGet\Packages\yt-dlp.yt-dlp_Microsoft.Winget.Source_8wekyb3d8bbwe\yt-dlp.EXE --dump-single-json --skip-download --no-playlist -f bv*+ba/b --js-runtimes deno:C:\Users\Admin\.deno\bin\deno.exe --extractor-args youtube:skip=hls,dash --ffmpeg-location C:\Users\Admin\AppData\Local\ffmpeg\bin https://www.youtube.com/watch?v=Bnzb0zhWGmE
storage youtube 1/14: Bnzb0zhWGmE bytes=15647351951 confidence=exact
storage metadata youtube: C:\Users\Admin\AppData\Local\Microsoft\WinGet\Packages\yt-dlp.yt-dlp_Microsoft.Winget.Source_8wekyb3d8bbwe\yt-dlp.EXE --dump-single-json --skip-download --no-playlist -f bv*+ba/b --js-runtimes deno:C:\Users\Admin\.deno\bin\deno.exe --extractor-args youtube:skip=hls,dash --ffmpeg-location C:\Users\Admin\AppData\Local\ffmpeg\bin https://www.youtube.com/watch?v=OKO05-GPKyI
storage youtube 2/14: OKO05-GPKyI bytes=10229220934 confidence=exact
storage metadata youtube: C:\Users\Admin\AppData\Local\Microsoft\WinGet\Packages\yt-dlp.yt-dlp_Microsoft.Winget.Source_8wekyb3d8bbwe\yt-dlp.EXE --dump-single-json --skip-download --no-playlist -f bv*+ba/b --js-runtimes deno:C:\Users\Admin\.deno\bin\deno.exe --extractor-args youtube:skip=hls,dash --ffmpeg-location C:\Users\Admin\AppData\Local\ffmpeg\bin https://www.youtube.com/watch?v=Plcc-06LY-A
storage youtube 3/14: Plcc-06LY-A bytes=11548254794 confidence=exact
storage metadata youtube: C:\Users\Admin\AppData\Local\Microsoft\WinGet\Packages\yt-dlp.yt-dlp_Microsoft.Winget.Source_8wekyb3d8bbwe\yt-dlp.EXE --dump-single-json --skip-download --no-playlist -f bv*+ba/b --js-runtimes deno:C:\Users\Admin\.deno\bin\deno.exe --extractor-args youtube:skip=hls,dash --ffmpeg-location C:\Users\Admin\AppData\Local\ffmpeg\bin https://www.youtube.com/watch?v=QcJ0mjcA62k
storage youtube 4/14: QcJ0mjcA62k bytes=16444167321 confidence=exact
storage metadata youtube: C:\Users\Admin\AppData\Local\Microsoft\WinGet\Packages\yt-dlp.yt-dlp_Microsoft.Winget.Source_8wekyb3d8bbwe\yt-dlp.EXE --dump-single-json --skip-download --no-playlist -f bv*+ba/b --js-runtimes deno:C:\Users\Admin\.deno\bin\deno.exe --extractor-args youtube:skip=hls,dash --ffmpeg-location C:\Users\Admin\AppData\Local\ffmpeg\bin https://www.youtube.com/watch?v=S_mY0ESbwMY
storage youtube 5/14: S_mY0ESbwMY bytes=6526777620 confidence=exact
storage metadata youtube: C:\Users\Admin\AppData\Local\Microsoft\WinGet\Packages\yt-dlp.yt-dlp_Microsoft.Winget.Source_8wekyb3d8bbwe\yt-dlp.EXE --dump-single-json --skip-download --no-playlist -f bv*+ba/b --js-runtimes deno:C:\Users\Admin\.deno\bin\deno.exe --extractor-args youtube:skip=hls,dash --ffmpeg-location C:\Users\Admin\AppData\Local\ffmpeg\bin https://www.youtube.com/watch?v=SynOBrPYbV0
storage youtube 6/14: SynOBrPYbV0 bytes=8995004479 confidence=exact
storage metadata youtube: C:\Users\Admin\AppData\Local\Microsoft\WinGet\Packages\yt-dlp.yt-dlp_Microsoft.Winget.Source_8wekyb3d8bbwe\yt-dlp.EXE --dump-single-json --skip-download --no-playlist -f bv*+ba/b --js-runtimes deno:C:\Users\Admin\.deno\bin\deno.exe --extractor-args youtube:skip=hls,dash --ffmpeg-location C:\Users\Admin\AppData\Local\ffmpeg\bin https://www.youtube.com/watch?v=TEHaNIT7eZs
storage youtube 7/14: TEHaNIT7eZs bytes=19353394231 confidence=exact
storage metadata youtube: C:\Users\Admin\AppData\Local\Microsoft\WinGet\Packages\yt-dlp.yt-dlp_Microsoft.Winget.Source_8wekyb3d8bbwe\yt-dlp.EXE --dump-single-json --skip-download --no-playlist -f bv*+ba/b --js-runtimes deno:C:\Users\Admin\.deno\bin\deno.exe --extractor-args youtube:skip=hls,dash --ffmpeg-location C:\Users\Admin\AppData\Local\ffmpeg\bin https://www.youtube.com/watch?v=XR0-lJLW_rs
storage youtube 8/14: XR0-lJLW_rs bytes=12105537964 confidence=exact
storage metadata youtube: C:\Users\Admin\AppData\Local\Microsoft\WinGet\Packages\yt-dlp.yt-dlp_Microsoft.Winget.Source_8wekyb3d8bbwe\yt-dlp.EXE --dump-single-json --skip-download --no-playlist -f bv*+ba/b --js-runtimes deno:C:\Users\Admin\.deno\bin\deno.exe --extractor-args youtube:skip=hls,dash --ffmpeg-location C:\Users\Admin\AppData\Local\ffmpeg\bin https://www.youtube.com/watch?v=_Q-dV2V2g5s
storage youtube 9/14: _Q-dV2V2g5s bytes=9980605280 confidence=exact
storage metadata youtube: C:\Users\Admin\AppData\Local\Microsoft\WinGet\Packages\yt-dlp.yt-dlp_Microsoft.Winget.Source_8wekyb3d8bbwe\yt-dlp.EXE --dump-single-json --skip-download --no-playlist -f bv*+ba/b --js-runtimes deno:C:\Users\Admin\.deno\bin\deno.exe --extractor-args youtube:skip=hls,dash --ffmpeg-location C:\Users\Admin\AppData\Local\ffmpeg\bin https://www.youtube.com/watch?v=fSMIJVnlB_Y
storage youtube 10/14: fSMIJVnlB_Y bytes=8412973970 confidence=exact
storage metadata youtube: C:\Users\Admin\AppData\Local\Microsoft\WinGet\Packages\yt-dlp.yt-dlp_Microsoft.Winget.Source_8wekyb3d8bbwe\yt-dlp.EXE --dump-single-json --skip-download --no-playlist -f bv*+ba/b --js-runtimes deno:C:\Users\Admin\.deno\bin\deno.exe --extractor-args youtube:skip=hls,dash --ffmpeg-location C:\Users\Admin\AppData\Local\ffmpeg\bin https://www.youtube.com/watch?v=favxANUu9O4
storage youtube 11/14: favxANUu9O4 bytes=11417541733 confidence=exact
storage metadata youtube: C:\Users\Admin\AppData\Local\Microsoft\WinGet\Packages\yt-dlp.yt-dlp_Microsoft.Winget.Source_8wekyb3d8bbwe\yt-dlp.EXE --dump-single-json --skip-download --no-playlist -f bv*+ba/b --js-runtimes deno:C:\Users\Admin\.deno\bin\deno.exe --extractor-args youtube:skip=hls,dash --ffmpeg-location C:\Users\Admin\AppData\Local\ffmpeg\bin https://www.youtube.com/watch?v=iEZOwN5xssU
storage youtube 12/14: iEZOwN5xssU bytes=5571616678 confidence=exact
storage metadata youtube: C:\Users\Admin\AppData\Local\Microsoft\WinGet\Packages\yt-dlp.yt-dlp_Microsoft.Winget.Source_8wekyb3d8bbwe\yt-dlp.EXE --dump-single-json --skip-download --no-playlist -f bv*+ba/b --js-runtimes deno:C:\Users\Admin\.deno\bin\deno.exe --extractor-args youtube:skip=hls,dash --ffmpeg-location C:\Users\Admin\AppData\Local\ffmpeg\bin https://www.youtube.com/watch?v=jcs6OmYZQ-o
storage youtube 13/14: jcs6OmYZQ-o bytes=9078361391 confidence=exact
storage metadata youtube: C:\Users\Admin\AppData\Local\Microsoft\WinGet\Packages\yt-dlp.yt-dlp_Microsoft.Winget.Source_8wekyb3d8bbwe\yt-dlp.EXE --dump-single-json --skip-download --no-playlist -f bv*+ba/b --js-runtimes deno:C:\Users\Admin\.deno\bin\deno.exe --extractor-args youtube:skip=hls,dash --ffmpeg-location C:\Users\Admin\AppData\Local\ffmpeg\bin https://www.youtube.com/watch?v=muxOFHGOpZs
storage youtube 14/14: muxOFHGOpZs bytes=8164018599 confidence=exact
storage metadata twitch: C:\Users\Admin\AppData\Local\Microsoft\WinGet\Packages\yt-dlp.yt-dlp_Microsoft.Winget.Source_8wekyb3d8bbwe\yt-dlp.EXE --dump-single-json --skip-download --no-playlist -f bv*+ba/b --js-runtimes deno:C:\Users\Admin\.deno\bin\deno.exe --ffmpeg-location C:\Users\Admin\AppData\Local\ffmpeg\bin https://www.twitch.tv/videos/2861744268
storage twitch 1/8: 2861744268 bytes=24790172839 confidence=bitrate
storage metadata twitch: C:\Users\Admin\AppData\Local\Microsoft\WinGet\Packages\yt-dlp.yt-dlp_Microsoft.Winget.Source_8wekyb3d8bbwe\yt-dlp.EXE --dump-single-json --skip-download --no-playlist -f bv*+ba/b --js-runtimes deno:C:\Users\Admin\.deno\bin\deno.exe --ffmpeg-location C:\Users\Admin\AppData\Local\ffmpeg\bin https://www.twitch.tv/videos/2862622285
storage twitch 2/8: 2862622285 bytes=21476977088 confidence=bitrate
storage metadata twitch: C:\Users\Admin\AppData\Local\Microsoft\WinGet\Packages\yt-dlp.yt-dlp_Microsoft.Winget.Source_8wekyb3d8bbwe\yt-dlp.EXE --dump-single-json --skip-download --no-playlist -f bv*+ba/b --js-runtimes deno:C:\Users\Admin\.deno\bin\deno.exe --ffmpeg-location C:\Users\Admin\AppData\Local\ffmpeg\bin https://www.twitch.tv/videos/2863504919
storage twitch 3/8: 2863504919 bytes=23714871138 confidence=bitrate
storage metadata twitch: C:\Users\Admin\AppData\Local\Microsoft\WinGet\Packages\yt-dlp.yt-dlp_Microsoft.Winget.Source_8wekyb3d8bbwe\yt-dlp.EXE --dump-single-json --skip-download --no-playlist -f bv*+ba/b --js-runtimes deno:C:\Users\Admin\.deno\bin\deno.exe --ffmpeg-location C:\Users\Admin\AppData\Local\ffmpeg\bin https://www.twitch.tv/videos/2864229186
storage twitch 4/8: 2864229186 bytes=23904152320 confidence=bitrate
storage metadata twitch: C:\Users\Admin\AppData\Local\Microsoft\WinGet\Packages\yt-dlp.yt-dlp_Microsoft.Winget.Source_8wekyb3d8bbwe\yt-dlp.EXE --dump-single-json --skip-download --no-playlist -f bv*+ba/b --js-runtimes deno:C:\Users\Admin\.deno\bin\deno.exe --ffmpeg-location C:\Users\Admin\AppData\Local\ffmpeg\bin https://www.twitch.tv/videos/2865097583
storage twitch 5/8: 2865097583 bytes=31722448763 confidence=bitrate
storage metadata twitch: C:\Users\Admin\AppData\Local\Microsoft\WinGet\Packages\yt-dlp.yt-dlp_Microsoft.Winget.Source_8wekyb3d8bbwe\yt-dlp.EXE --dump-single-json --skip-download --no-playlist -f bv*+ba/b --js-runtimes deno:C:\Users\Admin\.deno\bin\deno.exe --ffmpeg-location C:\Users\Admin\AppData\Local\ffmpeg\bin https://www.twitch.tv/videos/2868004694
storage twitch 6/8: 2868004694 bytes=25973989084 confidence=bitrate
storage metadata twitch: C:\Users\Admin\AppData\Local\Microsoft\WinGet\Packages\yt-dlp.yt-dlp_Microsoft.Winget.Source_8wekyb3d8bbwe\yt-dlp.EXE --dump-single-json --skip-download --no-playlist -f bv*+ba/b --js-runtimes deno:C:\Users\Admin\.deno\bin\deno.exe --ffmpeg-location C:\Users\Admin\AppData\Local\ffmpeg\bin https://www.twitch.tv/videos/2868864059
storage twitch 7/8: 2868864059 bytes=26280384494 confidence=bitrate
storage metadata twitch: C:\Users\Admin\AppData\Local\Microsoft\WinGet\Packages\yt-dlp.yt-dlp_Microsoft.Winget.Source_8wekyb3d8bbwe\yt-dlp.EXE --dump-single-json --skip-download --no-playlist -f bv*+ba/b --js-runtimes deno:C:\Users\Admin\.deno\bin\deno.exe --ffmpeg-location C:\Users\Admin\AppData\Local\ffmpeg\bin https://www.twitch.tv/videos/2869682753
storage twitch 8/8: 2869682753 bytes=26937830254 confidence=bitrate
